
Gurobi 13.0.1 (linux64) logging started Fri Apr  3 17:48:11 2026

Set parameter LogFile to value "gurobi.log"
Set parameter LogToConsole to value 1
Set parameter DisplayInterval to value 1
Set parameter TimeLimit to value 300
Warning: variables 1180 and 1181 have the same name "temp_misalign_net_c1"
Warning: linear constraint 1468 and linear constraint 1593 have the same name "avoid_different_nets_SN_CON_col_1"
Warning: to let Gurobi read it back, use rlp format
Warning: variables 1180 and 1181 have the same name "temp_misalign_net_c1"
Warning: linear constraint 1468 and linear constraint 1593 have the same name "avoid_different_nets_SN_CON_col_1"
Warning: default variable names used to write mps file
Warning: default constraint names used to write mps file
Gurobi Optimizer version 13.0.1 build v13.0.1rc0 (linux64 - "Red Hat Enterprise Linux 8.10 (Ootpa)")

CPU model: AMD EPYC 9275F 24-Core Processor, instruction set [SSE2|AVX|AVX2|AVX512]
Thread count: 24 physical cores, 48 logical processors, using up to 24 threads

Non-default parameters:
TimeLimit  300
DisplayInterval  1

Optimize a model with 97622 rows, 32361 columns and 634322 nonzeros (Min)
Model fingerprint: 0x7f0f4532
Model has 976 linear objective coefficients
Model has 2250 simple general constraints
  2250 INDICATOR
Variable types: 0 continuous, 32361 integer (24344 binary)
Coefficient statistics:
  Matrix range     [2e-01, 2e+01]
  Objective range  [1e+00, 1e+02]
  Bounds range     [1e+00, 2e+01]
  RHS range        [1e+00, 5e+01]
  GenCon rhs range [1e+00, 1e+00]
  GenCon coe range [1e+00, 1e+00]

Presolve removed 42848 rows and 14554 columns (presolve time = 1s)...
Presolve removed 48262 rows and 14510 columns
Presolve time: 1.41s
Presolved: 49360 rows, 17851 columns, 191654 nonzeros
Variable types: 0 continuous, 17851 integer (13253 binary)

Deterministic concurrent LP optimizer: primal and dual simplex (primal and dual model)
Showing primal log only...

Root relaxation presolved: 49330 rows, 17835 columns, 191354 nonzeros


Root simplex log...

Iteration    Objective       Primal Inf.    Dual Inf.      Time
       0    1.8420000e+03   1.314750e+04   1.710400e+10      2s
   25047    2.2755675e+03   3.195768e+01   1.583417e+09      2s
   32579    1.8920927e+03   6.254865e+00   3.367390e+09      3s
   37047    1.8486272e+03   2.120837e+00   2.507209e+09      4s
   40354    1.8366861e+03   5.303694e-01   8.787231e+08      5s
Concurrent spin time: 0.93s (can be avoided by choosing Method=3)

Solved with dual simplex

Root relaxation: objective -3.229144e+01, 26871 iterations, 4.68 seconds (8.65 work units)

    Nodes    |    Current Node    |     Objective Bounds      |     Work
 Expl Unexpl |  Obj  Depth IntInf | Incumbent    BestBd   Gap | It/Node Time

     0     0  -32.29144    0 2989          -  -32.29144      -     -    7s
     0     0  -12.44478    0 3464          -  -12.44478      -     -   13s
     0     0   -9.07404    0 3259          -   -9.07404      -     -   17s
     0     0   -8.56988    0 3343          -   -8.56988      -     -   19s
     0     0   -4.11713    0 3062          -   -4.11713      -     -   19s
     0     0   -4.11713    0 3225          -   -4.11713      -     -   19s
     0     0   -4.11713    0 3206          -   -4.11713      -     -   20s
     0     0   10.78109    0 3224          -   10.78109      -     -   27s
     0     0   13.97915    0 3417          -   13.97915      -     -   30s
     0     0   15.33494    0 3400          -   15.33494      -     -   32s
     0     0   15.49443    0 3495          -   15.49443      -     -   32s
     0     0   15.51920    0 3466          -   15.51920      -     -   32s
     0     0   15.52643    0 3573          -   15.52643      -     -   32s
     0     0   15.52815    0 3573          -   15.52815      -     -   32s
     0     0   32.04181    0 4001          -   32.04181      -     -   43s
     0     0   35.53462    0 4440          -   35.53462      -     -   48s
     0     0   36.45279    0 4413          -   36.45279      -     -   50s
     0     0   36.66197    0 4325          -   36.66197      -     -   51s
     0     0   36.74786    0 4438          -   36.74786      -     -   51s
     0     0   36.77231    0 4422          -   36.77231      -     -   51s
     0     0   36.78534    0 4424          -   36.78534      -     -   52s
     0     0   36.78633    0 4439          -   36.78633      -     -   52s
     0     0   44.37876    0 4530          -   44.37876      -     -   58s
H    0     0                    1983.0000000   46.69136  97.6%     -   61s
H    0     0                    1903.0000000   46.69136  97.5%     -   61s
H    0     0                    1897.0000000   46.69136  97.5%     -   61s
H    0     0                    1807.0000000   46.69136  97.4%     -   61s
H    0     0                    1795.0000000   46.69136  97.4%     -   61s
     0     0   46.69136    0 4357 1795.00000   46.69136  97.4%     -   61s
     0     0   47.08476    0 4486 1795.00000   47.08476  97.4%     -   62s
     0     0   47.25811    0 4369 1795.00000   47.25811  97.4%     -   63s
     0     0   47.28899    0 4413 1795.00000   47.28899  97.4%     -   63s
     0     0   47.29497    0 4455 1795.00000   47.29497  97.4%     -   63s
     0     0   50.66036    0 4035 1795.00000   50.66036  97.2%     -   67s
     0     0   51.00734    0 4115 1795.00000   51.00734  97.2%     -   67s
     0     0   51.08904    0 4017 1795.00000   51.08904  97.2%     -   68s
     0     0   51.11504    0 4007 1795.00000   51.11504  97.2%     -   68s
     0     0   51.11759    0 4049 1795.00000   51.11759  97.2%     -   68s
     0     0   51.31241    0 4002 1795.00000   51.31241  97.1%     -   69s
     0     0   51.43286    0 3997 1795.00000   51.43286  97.1%     -   70s
     0     0   51.44735    0 4007 1795.00000   51.44735  97.1%     -   70s
     0     0   51.72987    0 3961 1795.00000   51.72987  97.1%     -   71s
     0     0   51.78702    0 3886 1795.00000   51.78702  97.1%     -   72s
     0     0   51.82147    0 3947 1795.00000   51.82147  97.1%     -   72s
     0     0   51.83223    0 3982 1795.00000   51.83223  97.1%     -   72s
     0     0   53.70209    0 4013 1795.00000   53.70209  97.0%     -   75s
     0     0   53.70209    0 4014 1795.00000   53.70209  97.0%     -   75s
     0     0   54.09554    0 4079 1795.00000   54.09554  97.0%     -   76s
     0     0   54.23444    0 4031 1795.00000   54.23444  97.0%     -   76s
     0     0   54.30655    0 4068 1795.00000   54.30655  97.0%     -   77s
     0     0   54.32133    0 4073 1795.00000   54.32133  97.0%     -   77s
     0     0   54.68770    0 3972 1795.00000   54.68770  97.0%     -   78s
     0     0   54.73122    0 4002 1795.00000   54.73122  97.0%     -   78s
     0     0   54.75010    0 4089 1795.00000   54.75010  96.9%     -   79s
     0     0   54.75300    0 4066 1795.00000   54.75300  96.9%     -   79s
     0     0   55.49371    0 4081 1795.00000   55.49371  96.9%     -   80s
     0     0   55.74057    0 4056 1795.00000   55.74057  96.9%     -   81s
     0     0   55.80753    0 4140 1795.00000   55.80753  96.9%     -   81s
     0     0   55.82662    0 4130 1795.00000   55.82662  96.9%     -   82s
     0     0   56.32050    0 4064 1795.00000   56.32050  96.9%     -   83s
     0     0   56.48378    0 4150 1795.00000   56.48378  96.9%     -   84s
     0     0   56.51609    0 4099 1795.00000   56.51609  96.9%     -   84s
     0     0   56.53342    0 4187 1795.00000   56.53342  96.9%     -   84s
     0     0   57.61207    0 4436 1795.00000   57.61207  96.8%     -   86s
     0     0   57.78043    0 4264 1795.00000   57.78043  96.8%     -   87s
     0     0   57.82967    0 4317 1795.00000   57.82967  96.8%     -   87s
     0     0   57.83373    0 4362 1795.00000   57.83373  96.8%     -   87s
     0     0   57.94346    0 4315 1795.00000   57.94346  96.8%     -   88s
     0     0   58.06071    0 4326 1795.00000   58.06071  96.8%     -   89s
     0     0   58.07421    0 4375 1795.00000   58.07421  96.8%     -   89s
     0     0   58.08892    0 4373 1795.00000   58.08892  96.8%     -   90s

Gurobi 13.0.1 (linux64) logging started Fri Apr  3 17:49:44 2026

Set parameter LogFile to value "gurobi.log"
Set parameter LogToConsole to value 1
Set parameter DisplayInterval to value 1
     0     0   58.09698    0 4350 1795.00000   58.09698  96.8%     -   94s
     0     0   58.11863    0 4276 1795.00000   58.11863  96.8%     -   95s
     0     0   58.12516    0 4276 1795.00000   58.12516  96.8%     -   96s
     0     0   58.12516    0 4276 1795.00000   58.12516  96.8%     -   96s
     0     0   58.12516    0 4144 1795.00000   58.12516  96.8%     -   97s
     0     0   58.12729    0 2302 1795.00000   58.12729  96.8%     -  107s
     0     0   58.12729    0 2173 1795.00000   58.12729  96.8%     -  107s
     0     0   60.01058    0 2550 1795.00000   60.01058  96.7%     -  108s
     0     0   73.63936    0 2502 1795.00000   73.63936  95.9%     -  109s
     0     0   73.83358    0 2496 1795.00000   73.83358  95.9%     -  109s
     0     0  137.79885    0 2613 1795.00000  137.79885  92.3%     -  114s
     0     0  137.79885    0 2433 1795.00000  137.79885  92.3%     -  115s
     0     0  137.79885    0 2434 1795.00000  137.79885  92.3%     -  115s
     0     0  137.79885    0 2433 1795.00000  137.79885  92.3%     -  115s
     0     0  137.79885    0 2446 1795.00000  137.79885  92.3%     -  115s
     0     0  137.79885    0 2458 1795.00000  137.79885  92.3%     -  115s
     0     0  137.79885    0 2392 1795.00000  137.79885  92.3%     -  115s
     0     0  137.79885    0 2400 1795.00000  137.79885  92.3%     -  115s
     0     0  142.50850    0 2581 1795.00000  142.50850  92.1%     -  117s
     0     0  142.50850    0 2603 1795.00000  142.50850  92.1%     -  117s
     0     0  142.50850    0 2730 1795.00000  142.50850  92.1%     -  117s
     0     0  142.50850    0 2682 1795.00000  142.50850  92.1%     -  117s
     0     0  142.50850    0 2685 1795.00000  142.50850  92.1%     -  117s
     0     0  145.94368    0 2709 1795.00000  145.94368  91.9%     -  120s
     0     0  145.94368    0 2723 1795.00000  145.94368  91.9%     -  120s
     0     0  145.94368    0 2872 1795.00000  145.94368  91.9%     -  120s
     0     0  145.94368    0 2816 1795.00000  145.94368  91.9%     -  120s
     0     0  145.94368    0 2844 1795.00000  145.94368  91.9%     -  120s
     0     0  145.94368    0 2888 1795.00000  145.94368  91.9%     -  120s
     0     0  145.94368    0 2894 1795.00000  145.94368  91.9%     -  121s
     0     0  150.12277    0 2852 1795.00000  150.12277  91.6%     -  123s
     0     0  150.12277    0 2862 1795.00000  150.12277  91.6%     -  123s
     0     0  150.12277    0 2970 1795.00000  150.12277  91.6%     -  123s
     0     0  153.78597    0 2890 1795.00000  153.78597  91.4%     -  124s
     0     0  153.78597    0 2958 1795.00000  153.78597  91.4%     -  124s
     0     0  154.61255    0 3022 1795.00000  154.61255  91.4%     -  125s
     0     0  154.61255    0 3034 1795.00000  154.61255  91.4%     -  125s
     0     0  154.74464    0 3116 1795.00000  154.74464  91.4%     -  126s
     0     0  154.74464    0 3160 1795.00000  154.74464  91.4%     -  127s
     0     0  155.13631    0 3138 1795.00000  155.13631  91.4%     -  127s
     0     0  155.13631    0 3153 1795.00000  155.13631  91.4%     -  127s
H    0     0                    1423.0000000  155.13631  89.1%     -  128s
H    0     0                    1403.0000000  155.13631  88.9%     -  128s
H    0     0                    1401.0000000  155.13631  88.9%     -  128s
H    0     0                    1342.0000000  155.13631  88.4%     -  128s
H    0     0                    1310.0000000  155.13631  88.2%     -  128s
H    0     0                    1308.0000000  155.45243  88.1%     -  129s
H    0     0                    1264.0000000  155.45243  87.7%     -  129s
H    0     0                    1236.0000000  155.45243  87.4%     -  129s
H    0     0                    1230.0000000  155.45243  87.4%     -  129s
H    0     0                    1184.0000000  155.45243  86.9%     -  129s
H    0     0                    1172.0000000  155.45243  86.7%     -  129s
H    0     0                    1168.0000000  155.45243  86.7%     -  129s
H    0     0                    1150.0000000  155.45243  86.5%     -  129s
     0     0  156.56348    0 3085 1150.00000  156.56348  86.4%     -  129s
     0     0  156.56348    0 3084 1150.00000  156.56348  86.4%     -  129s
     0     0  156.56348    0 3137 1150.00000  156.56348  86.4%     -  130s
     0     0  156.56348    0 3191 1150.00000  156.56348  86.4%     -  130s
     0     0  156.56348    0 3171 1150.00000  156.56348  86.4%     -  130s
     0     0  156.56348    0 3182 1150.00000  156.56348  86.4%     -  131s
     0     0  158.26239    0 3122 1150.00000  158.26239  86.2%     -  132s
     0     0  158.26239    0 3118 1150.00000  158.26239  86.2%     -  132s
     0     0  158.36138    0 3146 1150.00000  158.36138  86.2%     -  133s
     0     0  158.36138    0 3122 1150.00000  158.36138  86.2%     -  134s
     0     0  158.36138    0 3118 1150.00000  158.36138  86.2%     -  134s
     0     0  158.97787    0 3163 1150.00000  158.97787  86.2%     -  136s
     0     0  159.05909    0 3211 1150.00000  159.05909  86.2%     -  136s
     0     0  159.05909    0 3250 1150.00000  159.05909  86.2%     -  137s
     0     0  159.05909    0 3240 1150.00000  159.05909  86.2%     -  137s
H    0     0                     951.0000000  159.05909  83.3%     -  137s
     0     0  159.32857    0 3244  951.00000  159.32857  83.2%     -  139s
     0     0  159.32857    0 3250  951.00000  159.32857  83.2%     -  139s
     0     0  159.50418    0 3270  951.00000  159.50418  83.2%     -  139s
     0     0  159.79275    0 3280  951.00000  159.79275  83.2%     -  141s
     0     0  159.81566    0 3372  951.00000  159.81566  83.2%     -  141s
     0     0  159.81566    0 3348  951.00000  159.81566  83.2%     -  141s
     0     0  159.81566    0 3430  951.00000  159.81566  83.2%     -  142s
     0     0  159.98909    0 3260  951.00000  159.98909  83.2%     -  143s
     0     0  160.09727    0 3277  951.00000  160.09727  83.2%     -  144s
     0     0  160.09727    0 3282  951.00000  160.09727  83.2%     -  144s
H    0     0                     939.0000000  160.09727  83.0%     -  145s
     0     0  160.47700    0 3338  939.00000  160.47700  82.9%     -  146s
     0     0  160.55169    0 3319  939.00000  160.55169  82.9%     -  147s
     0     0  160.55169    0 3364  939.00000  160.55169  82.9%     -  147s
     0     0  160.63093    0 3435  939.00000  160.63093  82.9%     -  147s
H    0     0                     936.0000000  160.63093  82.8%     -  149s
     0     0  160.63973    0 3325  936.00000  160.63973  82.8%     -  149s
H    0     0                     933.0000000  160.63973  82.8%     -  149s
     0     0  160.63973    0 3429  933.00000  160.63973  82.8%     -  149s
     0     0  160.63973    0 3440  933.00000  160.63973  82.8%     -  149s
     0     0  160.95320    0 3419  933.00000  160.95320  82.7%     -  151s
     0     0  160.95320    0 3379  933.00000  160.95320  82.7%     -  151s
     0     0  161.22280    0 3306  933.00000  161.22280  82.7%     -  153s
     0     0  161.40399    0 3224  933.00000  161.40399  82.7%     -  154s
     0     0  161.40399    0 3338  933.00000  161.40399  82.7%     -  154s
     0     0  161.66496    0 3323  933.00000  161.66496  82.7%     -  156s
     0     0  161.90538    0 3333  933.00000  161.90538  82.6%     -  157s
     0     0  161.90538    0 3356  933.00000  161.90538  82.6%     -  157s
     0     0  162.01090    0 3286  933.00000  162.01090  82.6%     -  158s
     0     0  162.04185    0 3376  933.00000  162.04185  82.6%     -  159s
     0     0  162.04185    0 3409  933.00000  162.04185  82.6%     -  159s
     0     0  162.04185    0 3374  933.00000  162.04185  82.6%     -  160s
     0     0  162.17874    0 3308  933.00000  162.17874  82.6%     -  161s
     0     0  162.50992    0 3391  933.00000  162.50992  82.6%     -  162s
     0     0  162.50992    0 3364  933.00000  162.50992  82.6%     -  162s
     0     0  162.56761    0 3385  933.00000  162.56761  82.6%     -  163s
     0     0  162.56761    0 3414  933.00000  162.56761  82.6%     -  163s
     0     0  162.91238    0 3391  933.00000  162.91238  82.5%     -  165s
     0     0  163.07384    0 3426  933.00000  163.07384  82.5%     -  166s
     0     0  163.12377    0 3449  933.00000  163.12377  82.5%     -  167s
     0     0  163.13635    0 3434  933.00000  163.13635  82.5%     -  167s
     0     0  163.16685    0 3347  933.00000  163.16685  82.5%     -  168s
     0     0  163.16685    0 3379  933.00000  163.16685  82.5%     -  169s
     0     0  163.16685    0 3364  933.00000  163.16685  82.5%     -  169s
     0     0  163.16685    0 3402  933.00000  163.16685  82.5%     -  169s
     0     0  163.41968    0 3384  933.00000  163.41968  82.5%     -  171s
     0     0  163.71698    0 3403  933.00000  163.71698  82.5%     -  172s
     0     0  163.71698    0 3402  933.00000  163.71698  82.5%     -  172s
     0     0  163.71698    0 3380  933.00000  163.71698  82.5%     -  173s
     0     0  164.22985    0 3372  933.00000  164.22985  82.4%     -  175s
     0     0  164.48308    0 3360  933.00000  164.48308  82.4%     -  176s
     0     0  164.48308    0 3423  933.00000  164.48308  82.4%     -  177s
     0     0  164.60289    0 3382  933.00000  164.60289  82.4%     -  177s
     0     0  164.60289    0 3400  933.00000  164.60289  82.4%     -  177s
     0     0  164.63811    0 3373  933.00000  164.63811  82.4%     -  179s
     0     0  164.81674    0 3443  933.00000  164.81674  82.3%     -  179s
     0     0  164.83145    0 3411  933.00000  164.83145  82.3%     -  180s
     0     0  164.95203    0 3410  933.00000  164.95203  82.3%     -  181s
     0     0  164.95203    0 3356  933.00000  164.95203  82.3%     -  181s
     0     0  164.95203    0 2274  933.00000  164.95203  82.3%     -  188s
     0     0  164.95203    0 2554  933.00000  164.95203  82.3%     -  192s
     0     0  164.95203    0 2789  933.00000  164.95203  82.3%     -  196s
     0     0  164.95203    0 2818  933.00000  164.95203  82.3%     -  198s
     0     0  164.95203    0 2829  933.00000  164.95203  82.3%     -  199s
     0     0  164.95203    0 2871  933.00000  164.95203  82.3%     -  199s
     0     0  164.95203    0 2884  933.00000  164.95203  82.3%     -  199s
     0     0  164.95203    0 2910  933.00000  164.95203  82.3%     -  199s
     0     0  164.95203    0 2826  933.00000  164.95203  82.3%     -  204s
     0     0  164.95203    0 2917  933.00000  164.95203  82.3%     -  205s
     0     0  164.95203    0 2878  933.00000  164.95203  82.3%     -  205s
     0     0  164.95203    0 2908  933.00000  164.95203  82.3%     -  206s
     0     0  164.95203    0 2893  933.00000  164.95203  82.3%     -  206s
     0     0  164.95203    0 2846  933.00000  164.95203  82.3%     -  208s
     0     0  164.95203    0 2859  933.00000  164.95203  82.3%     -  209s
     0     0  164.95203    0 2916  933.00000  164.95203  82.3%     -  209s
     0     0  164.95203    0 2899  933.00000  164.95203  82.3%     -  209s
     0     0  164.95203    0 2848  933.00000  164.95203  82.3%     -  211s
     0     0  164.95203    0 2887  933.00000  164.95203  82.3%     -  212s
     0     0  164.95203    0 2920  933.00000  164.95203  82.3%     -  212s
     0     0  164.95203    0 2884  933.00000  164.95203  82.3%     -  214s
     0     0  164.95203    0 2909  933.00000  164.95203  82.3%     -  214s
     0     0  164.95203    0 2916  933.00000  164.95203  82.3%     -  215s
     0     0  164.95203    0 2919  933.00000  164.95203  82.3%     -  215s
     0     0  164.95203    0 2870  933.00000  164.95203  82.3%     -  216s
     0     0  164.95203    0 2927  933.00000  164.95203  82.3%     -  216s
     0     0  164.95203    0 2929  933.00000  164.95203  82.3%     -  216s
     0     0  164.95203    0 2989  933.00000  164.95203  82.3%     -  217s
     0     0  164.95203    0 2943  933.00000  164.95203  82.3%     -  217s
     0     0  164.95203    0 2968  933.00000  164.95203  82.3%     -  217s
     0     0  164.95203    0 2960  933.00000  164.95203  82.3%     -  218s
     0     0  164.95203    0 2995  933.00000  164.95203  82.3%     -  219s
     0     0  164.95203    0 2939  933.00000  164.95203  82.3%     -  219s
     0     0  164.95203    0 2950  933.00000  164.95203  82.3%     -  220s
     0     0  164.95203    0 2949  933.00000  164.95203  82.3%     -  220s
     0     0  164.95203    0 2901  933.00000  164.95203  82.3%     -  220s
     0     2  164.95203    0 2900  933.00000  164.95203  82.3%     -  222s
     1     5  168.99066    1 2397  933.00000  164.95203  82.3%  9432  224s
     3     8  170.63459    2 2391  933.00000  169.02003  81.9%  7133  226s
     7    16  276.25203    3 1939  933.00000  170.63473  81.7%  9527  228s
    15    32  278.78214    4 2022  933.00000  176.68470  81.1%  7185  230s
    31    56  292.88693    5 1898  933.00000  181.54174  80.5%  6420  233s
    55   136  300.43478    6 1490  933.00000  184.65368  80.2%  6158  235s
   139   167  317.84411   10 1220  933.00000  184.65368  80.2%  3495  236s
   170   196  322.83889   10 1130  933.00000  184.65368  80.2%  3101  237s
   255   286  325.14344   12 1116  933.00000  184.65368  80.2%  2391  238s
   299   344 infeasible   15       933.00000  184.65368  80.2%  2141  239s
   369   409  526.84747   17  856  933.00000  186.20133  80.0%  1841  240s
   538   568  557.52500   25  735  933.00000  186.20133  80.0%  1414  241s
   637   657  561.11019   28  738  933.00000  186.20133  80.0%  1232  242s
   749   736  610.54310   33  621  933.00000  190.19758  79.6%  1090  243s
   855   782 infeasible   39       933.00000  190.19758  79.6%  1000  244s
  1090   938 infeasible   10       933.00000  191.29442  79.5%   861  245s
  1215  1063  199.41260   10 1059  933.00000  191.31075  79.5%   810  246s
  1377  1168  215.38132   15  841  933.00000  191.31075  79.5%   740  247s
  1730  1392  590.44167   28  620  933.00000  192.52594  79.4%   632  248s
  1921  1529 infeasible   42       933.00000  192.52594  79.4%   591  249s
  2128  1693  232.19130   14  985  933.00000  196.43786  78.9%   556  250s
  2339  1911  390.53056   22  543  933.00000  197.14062  78.9%   524  251s
  2646  2116 infeasible   39       933.00000  197.59982  78.8%   479  252s
  2943  2273  622.33790   15  705  933.00000  197.59982  78.8%   446  253s
  3429  2411  553.32207   24 4144  933.00000  198.88514  78.7%   415  264s
  3431  2412  348.24101   14 2352  933.00000  198.88514  78.7%   415  280s

Gurobi 13.0.1 (linux64) logging started Fri Apr  3 17:52:54 2026

Set parameter LogFile to value "gurobi.log"
Set parameter LogToConsole to value 1
Set parameter DisplayInterval to value 1
  3432  2413  356.82525   11 2326  933.00000  198.88514  78.7%   415  283s
  3433  2414  815.36901   39 2657  933.00000  198.88514  78.7%   415  286s
  3437  2416  357.28709   14 2714  933.00000  198.88514  78.7%   414  299s

Cutting planes:
  Learned: 1
  Cover: 44
  Implied bound: 36
  Projected implied bound: 3
  Clique: 44
  MIR: 7
  Flow cover: 8
  GUB cover: 22
  Inf proof: 1
  Zero half: 224
  RLT: 123
  Relax-and-lift: 23
  BQP: 147

Explored 3437 nodes (2171259 simplex iterations) in 300.01 seconds (561.23 work units)
Thread count was 24 (of 48 available processors)

Solution count 10: 933 933 936 ... 1184

Time limit reached
Best objective 9.330000000000e+02, best bound 1.990000000000e+02, gap 78.6710%
