
Gurobi 13.0.1 (linux64) logging started Fri Apr  3 04:03:14 2026

Set parameter LogFile to value "gurobi.log"
Set parameter LogToConsole to value 1
Set parameter DisplayInterval to value 1
Warning: variables 75 and 76 have the same name "temp_misalign_net_c1"
Warning: linear constraint 48 and linear constraint 65 have the same name "avoid_different_nets_A2_A1_col_1"
Warning: to let Gurobi read it back, use rlp format
Warning: variables 75 and 76 have the same name "temp_misalign_net_c1"
Warning: linear constraint 48 and linear constraint 65 have the same name "avoid_different_nets_A2_A1_col_1"
Warning: default variable names used to write mps file
Warning: default constraint names used to write mps file
Gurobi Optimizer version 13.0.1 build v13.0.1rc0 (linux64 - "Red Hat Enterprise Linux 8.10 (Ootpa)")

CPU model: AMD EPYC 9275F 24-Core Processor, instruction set [SSE2|AVX|AVX2|AVX512]
Thread count: 24 physical cores, 48 logical processors, using up to 24 threads

Non-default parameters:
DisplayInterval  1

Optimize a model with 4490 rows, 1695 columns and 15024 nonzeros (Min)
Model fingerprint: 0x8338ae84
Model has 80 linear objective coefficients
Model has 120 simple general constraints
  120 INDICATOR
Variable types: 0 continuous, 1695 integer (1275 binary)
Coefficient statistics:
  Matrix range     [2e-01, 2e+01]
  Objective range  [1e+00, 1e+02]
  Bounds range     [1e+00, 4e+00]
  RHS range        [1e+00, 2e+01]
  GenCon rhs range [1e+00, 1e+00]
  GenCon coe range [1e+00, 1e+00]

Presolve removed 3997 rows and 1432 columns
Presolve time: 0.03s
Presolved: 493 rows, 263 columns, 1645 nonzeros
Variable types: 0 continuous, 263 integer (229 binary)
Found heuristic solution: objective 485.0000000
Found heuristic solution: objective 167.0000000

Root relaxation: objective 1.366667e+01, 279 iterations, 0.00 seconds (0.00 work units)

    Nodes    |    Current Node    |     Objective Bounds      |     Work
 Expl Unexpl |  Obj  Depth IntInf | Incumbent    BestBd   Gap | It/Node Time

     0     0   13.66667    0   93  167.00000   13.66667  91.8%     -    0s
H    0     0                     158.0000000   13.66667  91.4%     -    0s
H    0     0                     144.0000000   13.66667  90.5%     -    0s
H    0     0                     140.0000000   13.66667  90.2%     -    0s
H    0     0                     138.0000000   13.66667  90.1%     -    0s
H    0     0                     130.0000000   13.66667  89.5%     -    0s
H    0     0                     128.0000000   13.66667  89.3%     -    0s
H    0     0                     126.0000000   13.66667  89.2%     -    0s
H    0     0                     125.0000000   13.66667  89.1%     -    0s
H    0     0                      34.0000000   17.75000  47.8%     -    0s
H    0     0                      32.0000000   17.75000  44.5%     -    0s
H    0     0                      30.0000000   17.75000  40.8%     -    0s
H    0     0                      29.0000000   17.75000  38.8%     -    0s
     0     0   18.67262    0  103   29.00000   18.67262  35.6%     -    0s
     0     0   18.67262    0  102   29.00000   18.67262  35.6%     -    0s
     0     0   18.67262    0  101   29.00000   18.67262  35.6%     -    0s
H    0     0                      26.0000000   18.67262  28.2%     -    0s
     0     0   20.50000    0   95   26.00000   20.50000  21.2%     -    0s
     0     0   20.62500    0   95   26.00000   20.62500  20.7%     -    0s
H    0     0                      25.0000000   20.62500  17.5%     -    0s
     0     0   22.75000    0  136   25.00000   22.75000  9.00%     -    0s
     0     0   22.75000    0  136   25.00000   22.75000  9.00%     -    0s
H    0     0                      24.0000000   22.75000  5.21%     -    0s
     0     0   24.00000    0  143   24.00000   24.00000  0.00%     -    0s

Cutting planes:
  Gomory: 6
  Cover: 22
  Implied bound: 1
  Clique: 13
  MIR: 4
  GUB cover: 2
  Zero half: 5
  RLT: 16
  Relax-and-lift: 16
  BQP: 6

Explored 1 nodes (744 simplex iterations) in 0.07 seconds (0.10 work units)
Thread count was 24 (of 48 available processors)

Solution count 10: 24 25 26 ... 128

Optimal solution found (tolerance 1.00e-04)
Best objective 2.400000000000e+01, best bound 2.400000000000e+01, gap 0.0000%
