
Gurobi 13.0.1 (linux64) logging started Thu Apr  2 00:02:19 2026

Set parameter LogFile to value "gurobi.log"
Set parameter LogToConsole to value 1
Set parameter DisplayInterval to value 1

Gurobi 13.0.1 (linux64) logging started Thu Apr  2 00:10:56 2026

Set parameter LogFile to value "gurobi.log"
Set parameter LogToConsole to value 1
Set parameter DisplayInterval to value 1
Set parameter MIPGap to value 0.05
Set parameter TimeLimit to value 600
Warning: variables 2368 and 2374 have the same name "t_c_1_1"
Warning: constraint name "link_pmos_net_and_indicator_net027_('net027', 'pp_3_1')" has a space
Warning: to let Gurobi read it back, use rlp format
Warning: variables 2368 and 2374 have the same name "t_c_1_1"
Warning: constraint name "link_pmos_net_and_indicator_net027_('net027', 'pp_3_1')" has a space
Warning: default variable names used to write mps file
Warning: default constraint names used to write mps file
Gurobi Optimizer version 13.0.1 build v13.0.1rc0 (linux64 - "Red Hat Enterprise Linux 8.10 (Ootpa)")

CPU model: AMD EPYC 9275F 24-Core Processor, instruction set [SSE2|AVX|AVX2|AVX512]
Thread count: 24 physical cores, 48 logical processors, using up to 24 threads

Non-default parameters:
TimeLimit  600
MIPGap  0.05
DisplayInterval  1

Optimize a model with 169300 rows, 49134 columns and 979422 nonzeros (Min)
Model fingerprint: 0x9951a1bb
Model has 1027 linear objective coefficients
Model has 3900 simple general constraints
  3900 INDICATOR
Variable types: 7423 continuous, 41711 integer (41669 binary)
Coefficient statistics:
  Matrix range     [2e-01, 2e+01]
  Objective range  [1e+00, 1e+02]
  Bounds range     [1e+00, 1e+01]
  RHS range        [1e+00, 3e+01]
  GenCon rhs range [1e+00, 1e+00]
  GenCon coe range [1e+00, 1e+00]

Presolve removed 100117 rows and 25434 columns (presolve time = 1s)...
Presolve removed 100679 rows and 26666 columns (presolve time = 2s)...
Presolve removed 126119 rows and 36845 columns (presolve time = 3s)...
Presolve removed 116247 rows and 29336 columns
Presolve time: 3.46s
Presolved: 53053 rows, 19798 columns, 258649 nonzeros
Variable types: 4739 continuous, 15059 integer (14990 binary)

Deterministic concurrent LP optimizer: primal and dual simplex (primal and dual model)
Showing primal log only...

Root relaxation presolved: 53033 rows, 19778 columns, 258609 nonzeros


Root simplex log...

Iteration    Objective       Primal Inf.    Dual Inf.      Time
       0    1.5630000e+03   7.106250e+03   1.265909e+10      4s
   20831    1.9257028e+03   7.661733e+02   8.682188e+09      4s
   31869    1.7233422e+03   2.009626e+02   5.010739e+09      5s
   39147    1.7037492e+03   1.214036e+02   3.122452e+09      6s
   46604    1.6970516e+03   9.668736e+01   1.698666e+10      7s
   52311    1.7064989e+03   6.071456e+01   5.191594e+09      8s
   57403    1.6642571e+03   3.717232e+01   5.975799e+09      9s
   62093    1.4375308e+03   1.517365e+01   5.419780e+09     10s
   66649    1.3207764e+03   9.777053e+00   2.262175e+10     11s
   70669    1.2536504e+03   5.453778e+00   5.621061e+09     12s
Concurrent spin time: 1.12s (can be avoided by choosing Method=3)

Solved with dual simplex

Root relaxation: objective -7.020967e+00, 44223 iterations, 10.27 seconds (18.67 work units)

    Nodes    |    Current Node    |     Objective Bounds      |     Work
 Expl Unexpl |  Obj  Depth IntInf | Incumbent    BestBd   Gap | It/Node Time

     0     0   -7.02097    0 2177          -   -7.02097      -     -   14s
     0     0   15.11845    0 2394          -   15.11845      -     -   42s
     0     0   25.76536    0 2458          -   25.76536      -     -   53s
     0     0   25.76536    0 2442          -   25.76536      -     -   54s
     0     0   25.76536    0 2388          -   25.76536      -     -   54s
     0     0   25.76536    0 2401          -   25.76536      -     -   55s
     0     0   26.64920    0 2301          -   26.64920      -     -   63s
     0     0   35.38041    0 2748          -   35.38041      -     -   70s
     0     0   38.03867    0 2845          -   38.03867      -     -   76s
     0     0   38.55120    0 2721          -   38.55120      -     -   78s
     0     0   38.71047    0 2689          -   38.71047      -     -   78s
     0     0   38.71356    0 2728          -   38.71356      -     -   78s
     0     0   49.55712    0 2712          -   49.55712      -     -   89s
     0     0   51.85836    0 2777          -   51.85836      -     -   93s
     0     0   52.13676    0 2745          -   52.13676      -     -   94s
     0     0   52.15339    0 2823          -   52.15339      -     -   94s
     0     0   52.15461    0 2832          -   52.15461      -     -   94s
     0     0   54.06240    0 2835          -   54.06240      -     -   99s
     0     0   54.39290    0 2916          -   54.39290      -     -  101s
     0     0   54.44387    0 2907          -   54.44387      -     -  101s
     0     0   54.48550    0 2827          -   54.48550      -     -  101s
     0     0   54.48705    0 2897          -   54.48705      -     -  102s
     0     0   54.69460    0 3041          -   54.69460      -     -  103s
     0     0   54.77209    0 2823          -   54.77209      -     -  104s
     0     0   54.82886    0 2871          -   54.82886      -     -  105s
     0     0   54.83142    0 2877          -   54.83142      -     -  105s
     0     0   55.15245    0 3106          -   55.15245      -     -  107s
H    0     0                     510.0000000   55.42682  89.1%     -  108s
H    0     0                     508.0000000   55.42682  89.1%     -  108s
H    0     0                     506.0000000   55.42682  89.0%     -  108s
H    0     0                     504.0000000   55.42682  89.0%     -  109s
H    0     0                     502.0000000   55.42682  89.0%     -  109s
H    0     0                     500.0000000   55.42682  88.9%     -  109s
     0     0   55.42682    0 2854  500.00000   55.42682  88.9%     -  109s
     0     0   55.46715    0 2907  500.00000   55.46715  88.9%     -  109s
     0     0   55.46715    0 2908  500.00000   55.46715  88.9%     -  109s
     0     0   55.47394    0 2975  500.00000   55.47394  88.9%     -  109s
H    0     0                     499.0000000   55.47394  88.9%     -  110s
     0     0   55.54154    0 2882  499.00000   55.54154  88.9%     -  110s
     0     0   55.55568    0 2934  499.00000   55.55568  88.9%     -  111s
     0     0   55.56132    0 3028  499.00000   55.56132  88.9%     -  111s
     0     0   55.58687    0 2998  499.00000   55.58687  88.9%     -  112s
     0     0   55.59837    0 3000  499.00000   55.59837  88.9%     -  112s
     0     0   55.60125    0 3048  499.00000   55.60125  88.9%     -  112s
     0     0   55.70182    0 2982  499.00000   55.70182  88.8%     -  114s
     0     0   55.71956    0 2957  499.00000   55.71956  88.8%     -  114s
     0     0   55.72560    0 2935  499.00000   55.72560  88.8%     -  115s
     0     0   55.80907    0 3036  499.00000   55.80907  88.8%     -  116s
     0     0   55.80971    0 3067  499.00000   55.80971  88.8%     -  116s
     0     0   55.82271    0 3005  499.00000   55.82271  88.8%     -  116s
     0     0   55.82530    0 2985  499.00000   55.82530  88.8%     -  116s
     0     0   55.82757    0 3015  499.00000   55.82757  88.8%     -  117s
     0     0   55.83120    0 3011  499.00000   55.83120  88.8%     -  117s
     0     0   55.90846    0 2977  499.00000   55.90846  88.8%     -  119s
     0     0   55.90899    0 2976  499.00000   55.90899  88.8%     -  122s
     0     0   55.90899    0 2976  499.00000   55.90899  88.8%     -  122s
     0     0   55.90899    0 2857  499.00000   55.90899  88.8%     -  123s
     0     0   55.90928    0 2071  499.00000   55.90928  88.8%     -  144s
     0     0   55.90928    0 1936  499.00000   55.90928  88.8%     -  144s
     0     0   69.32550    0 2396  499.00000   69.32550  86.1%     -  162s
     0     0   69.37528    0 2346  499.00000   69.37528  86.1%     -  163s
     0     0   70.11875    0 2441  499.00000   70.11875  85.9%     -  164s
     0     0   71.81383    0 2623  499.00000   71.81383  85.6%     -  169s
     0     0   72.00424    0 2628  499.00000   72.00424  85.6%     -  169s
     0     0   73.82396    0 2710  499.00000   73.82396  85.2%     -  172s
     0     0   73.82396    0 2712  499.00000   73.82396  85.2%     -  172s
     0     0   77.33643    0 2685  499.00000   77.33643  84.5%     -  173s
     0     0   77.33643    0 2654  499.00000   77.33643  84.5%     -  173s
     0     0   77.52162    0 2659  499.00000   77.52162  84.5%     -  173s
     0     0   77.52162    0 2659  499.00000   77.52162  84.5%     -  173s
     0     0   81.57845    0 2852  499.00000   81.57845  83.7%     -  182s
     0     0   81.57845    0 2812  499.00000   81.57845  83.7%     -  182s
     0     0   85.13857    0 2788  499.00000   85.13857  82.9%     -  183s
     0     0   85.60228    0 2870  499.00000   85.60228  82.8%     -  184s
     0     0   85.60228    0 2884  499.00000   85.60228  82.8%     -  184s
     0     0   88.67593    0 2858  499.00000   88.67593  82.2%     -  189s
     0     0   90.51055    0 2999  499.00000   90.51055  81.9%     -  190s
     0     0   91.65165    0 2974  499.00000   91.65165  81.6%     -  191s
     0     0   91.65165    0 2962  499.00000   91.65165  81.6%     -  191s
     0     0   91.65165    0 2944  499.00000   91.65165  81.6%     -  191s
     0     0   99.89893    0 2918  499.00000   99.89893  80.0%     -  198s
     0     0  101.43337    0 2830  499.00000  101.43337  79.7%     -  199s
     0     0  101.46126    0 2867  499.00000  101.46126  79.7%     -  199s
     0     0  101.46126    0 2854  499.00000  101.46126  79.7%     -  199s
     0     0  105.07464    0 2757  499.00000  105.07464  78.9%     -  204s
     0     0  105.37059    0 2753  499.00000  105.37059  78.9%     -  205s
     0     0  105.37059    0 2576  499.00000  105.37059  78.9%     -  206s
     0     2  105.37059    0 2548  499.00000  105.37059  78.9%     -  210s
     1     5  105.37059    1 2557  499.00000  105.37059  78.9%  9869  213s
     3     8  108.12052    2 1926  499.00000  105.37059  78.9% 13716  216s
     7    16  275.67220    3 1448  499.00000  105.37059  78.9% 12396  218s
    15    22 infeasible    4       499.00000  105.37059  78.9%  8867  221s
    31    34  109.35934    5 2176  499.00000  105.37059  78.9%  7123  226s
    51    77  146.48425    6 2073  499.00000  105.37059  78.9%  7067  229s
   120   133  220.25769    7 2166  499.00000  105.37059  78.9%  4178  231s
   183   173  242.31273    8 1621  499.00000  105.37059  78.9%  3167  236s
   241   217     cutoff    9       499.00000  105.37059  78.9%  2648  237s
   303   255  415.89340   10  732  499.00000  105.37059  78.9%  2246  238s
   372   284  416.11598   11  716  499.00000  105.37059  78.9%  1915  240s
   460   313  491.64669   16  698  499.00000  105.37059  78.9%  1641  241s
   544   343  183.45145   11 1700  499.00000  105.37059  78.9%  1498  244s
   616   377 infeasible   12       499.00000  113.11302  77.3%  1417  246s
   697   441  249.01968   14  968  499.00000  113.11302  77.3%  1359  247s
   788   503  267.37301   16  748  499.00000  113.11302  77.3%  1269  248s
   897   556  272.46333   22  775  499.00000  113.11302  77.3%  1173  249s
  1019   611  282.73815   25  711  499.00000  113.11302  77.3%  1114  252s
  1132   680  378.20200   30  774  499.00000  121.87326  75.6%  1079  253s
  1266   748  432.27554   35  824  499.00000  123.60502  75.2%  1034  254s
  1399   806     cutoff   41       499.00000  124.87591  75.0%   992  257s
  1535   882  195.53126    8 1265  499.00000  126.04862  74.7%   968  258s
  1691   989  261.10630   11  874  499.00000  126.04862  74.7%   929  259s
  1863  1122 infeasible   14       499.00000  144.10893  71.1%   889  261s
  2099  1212  260.35824    9 1876  499.00000  144.10893  71.1%   846  263s
  2301  1308  263.00321   10 1869  499.00000  151.34699  69.7%   808  265s
  2505  1335  413.71512   12 1137  499.00000  154.18491  69.1%   782  266s
  2685  1542     cutoff   14       499.00000  158.54019  68.2%   767  268s
  2976  1692  436.31626   14 1012  499.00000  161.30208  67.7%   715  269s
  3240  1923  436.49196   15  854  499.00000  171.42307  65.6%   680  270s
  3656  1924  317.66667   19 2857  499.00000  171.42307  65.6%   624  285s
  3658  1925  389.75000   16 1894  499.00000  171.42307  65.6%   623  307s
  3659  1926  421.56145    9 2357  499.00000  171.42307  65.6%   623  315s
  3660  1927  472.69919    6 2574  499.00000  171.42307  65.6%   623  323s
  3661  1927  250.18090   27 2469  499.00000  171.42307  65.6%   623  329s
  3662  1928  433.65425   12 2531  499.00000  171.42307  65.6%   623  332s
  3663  1929  293.52552   30 2576  499.00000  171.42307  65.6%   623  336s
  3664  1929  239.00677   27 2501  499.00000  171.42307  65.6%   622  337s
  3665  1930  314.51054   30 2514  499.00000  171.42307  65.6%   622  338s
  3666  1931  324.18971   15 2515  499.00000  171.42307  65.6%   622  351s
  3667  1931  403.56667   46 2625  499.00000  171.42307  65.6%   622  357s
  3668  1932  449.56146   55 2676  499.00000  171.42307  65.6%   622  358s
  3670  1933  444.50000   39 2651  499.00000  171.42307  65.6%   621  359s
  3672  1935  493.06679   28 2675  499.00000  171.42307  65.6%   621  370s
  3673  1935  443.41373   31 2578  499.00000  171.42307  65.6%   621  373s
  3674  1936  492.29167   23 2453  499.00000  171.42307  65.6%   621  392s
  3675  1937  444.41874   14 2453  499.00000  171.42307  65.6%   621  396s
  3676  1940  171.42307   10 2634  499.00000  171.42307  65.6%   669  407s
  3678  1944  171.42307   11 1953  499.00000  171.42307  65.6%   675  418s
  3682  1948  171.42307   12 1946  499.00000  171.42307  65.6%   685  430s
  3690  1954  171.42307   13 1821  499.00000  171.42307  65.6%   723  438s
  3704  1965  171.42307   14 1697  499.00000  171.42307  65.6%   754  448s
  3726  2024  171.42307   15 1464  499.00000  171.42307  65.6%   784  456s
  3803  2039  171.42307   17 1620  499.00000  171.42307  65.6%   844  459s
  3858  2058  179.16963   17 1130  499.00000  171.42307  65.6%   852  462s
  3920  2110  183.91233   18 1125  499.00000  171.42307  65.6%   862  464s
  4005  2120  189.28830   18 1004  499.00000  171.42307  65.6%   863  469s
  4090  2150  186.01175   19  823  499.00000  171.42307  65.6%   862  470s
  4183  2174  193.51760   19 1150  499.00000  171.42307  65.6%   858  473s
  4268  2184  354.30642   20  982  499.00000  171.42307  65.6%   852  474s
  4453  2235  217.77778   22  507  499.00000  171.42307  65.6%   839  477s
  4551  2269  262.82500   26  447  499.00000  171.42307  65.6%   835  478s
  4669  2262  328.34659   29  506  499.00000  171.42307  65.6%   826  479s
  4771  2284  346.29167   33  401  499.00000  171.42307  65.6%   819  482s
  4884  2322  446.45833   37  261  499.00000  171.42307  65.6%   816  483s
  5020  2352  450.20833   43  175  499.00000  171.42307  65.6%   812  485s
  5176  2391 infeasible   48       499.00000  171.42307  65.6%   805  486s
  5353  2324  465.46978   24  783  499.00000  171.42307  65.6%   795  488s
  5485  2343  440.25000   21  607  499.00000  171.42307  65.6%   798  492s
  5832  2443  405.33189   20  839  499.00000  171.42307  65.6%   785  494s
  6089  2371  415.53531   32  854  499.00000  171.42307  65.6%   771  495s
  6121  2388  454.61875   30  828  499.00000  171.42307  65.6%   774  497s
  6192  2456  416.61958   33  872  499.00000  171.42307  65.6%   773  498s
  6359  2576  459.95920   37  716  499.00000  184.66365  63.0%   761  500s
  6731  2622  425.27495   20 1014  499.00000  184.66365  63.0%   735  502s
  7060  2699  437.41844   23  821  499.00000  188.95885  62.1%   712  503s
  7430  2776  253.87326   20 1017  499.00000  201.16319  59.7%   692  504s
  7839  2799  424.73958   26  734  499.00000  218.37917  56.2%   672  505s
  8230  2749  470.06481   22  629  499.00000  218.38594  56.2%   654  506s
  8519  2934  325.11859   26  476  499.00000  218.38594  56.2%   642  507s
  9109  2943  455.97976   27  592  499.00000  249.37500  50.0%   613  508s
  9593  3019  328.89583   24  666  499.00000  254.10417  49.1%   596  509s
 10020  3297  459.09648   33  773  499.00000  254.10417  49.1%   580  510s
 10730  3597 infeasible   24       499.00000  270.22431  45.8%   554  511s
 11469  3827  390.39792   23  698  499.00000  281.61458  43.6%   529  513s
 12005  4172  327.04861   28  409  499.00000  285.74379  42.7%   512  514s
 12761  4513  367.61938   23  838  499.00000  285.77299  42.7%   492  515s
 13515  4543  327.90537   20 1189  499.00000  294.68750  40.9%   474  516s
 13607  4640  348.62253   22 1114  499.00000  294.68750  40.9%   473  519s
 13981  4927  384.74551   24  773  499.00000  298.66071  40.1%   466  520s
 14679  5096  351.13810   26  913  499.00000  301.85625  39.5%   453  522s
 15145  5401  472.50000   37  623  499.00000  303.86458  39.1%   445  523s
 16051  5629  479.97515   32  999  499.00000  307.70243  38.3%   429  524s
 17143  5844 infeasible   29       499.00000  317.52680  36.4%   411  526s
 17892  6260 infeasible   33       499.00000  321.18762  35.6%   400  527s
 18960  6578  486.24894   31  830  499.00000  324.34762  35.0%   386  529s
*19654  6070              34     478.0000000  325.82253  31.8%   376  529s
*19655  5976              34     475.0000000  325.82253  31.4%   376  529s
 19759  7047  460.57732   36  601  475.00000  325.82253  31.4%   375  530s
H21773  2843                     380.0000000  327.59028  13.8%   347  531s
H21774  2703                     377.0000000  327.59028  13.1%   347  531s
 21802  3215  343.45833   44  297  377.00000  327.59028  13.1%   347  533s
 24342  3200     cutoff   37       377.00000  328.73106  12.8%   316  534s
 24384  3222  328.73106   39  327  377.00000  328.73106  12.8%   316  536s
 24874  3094  330.33333   40  338  377.00000  328.95856  12.7%   311  537s
 26171  2955 infeasible   39       377.00000  330.20417  12.4%   299  539s
 27585  2816  336.62500   24  277  377.00000  331.54055  12.1%   288  541s
 28887  2800 infeasible   34       377.00000  332.08333  11.9%   278  543s
 30029  2823  358.29020   22  672  377.00000  333.27381  11.6%   270  544s
 31102  2893  340.26389   36  368  377.00000  333.59821  11.5%   264  550s
 33583  2948  368.00000   37  160  377.00000  335.79762  10.9%   250  552s
 34763  2943  350.24861   30  426  377.00000  337.56250  10.5%   244  554s
 36067  2933     cutoff   39       377.00000  338.50000  10.2%   238  556s
 37474  2888     cutoff   31       377.00000  339.56548  9.93%   232  558s
 39027  2862  374.54167   42  167  377.00000  340.25992  9.75%   226  560s
 40697  2781  350.16667   36  219  377.00000  341.39583  9.44%   220  562s
 42438  2666  345.04167   39  393  377.00000  342.37500  9.18%   214  564s
 44417  2483     cutoff   34       377.00000  343.39583  8.91%   208  567s
 46418  2128  347.25000   39  322  377.00000  343.70833  8.83%   202  569s
 48447  1652     cutoff   35       377.00000  346.06806  8.20%   197  572s
 50463  1092     cutoff   44       377.00000  348.86250  7.46%   193  575s
 52695   437     cutoff   39       377.00000  355.72917  5.64%   188  578s

Cutting planes:
  Learned: 3
  Cover: 134
  Implied bound: 93
  Projected implied bound: 8
  Clique: 69
  MIR: 52
  Flow cover: 44
  GUB cover: 49
  Inf proof: 7
  Zero half: 24
  RLT: 103
  Relax-and-lift: 15
  BQP: 23

Explored 54984 nodes (10646031 simplex iterations) in 578.12 seconds (1209.81 work units)
Thread count was 24 (of 48 available processors)

Solution count 10: 377 380 475 ... 508

Optimal solution found (tolerance 5.00e-02)
Best objective 3.770000000000e+02, best bound 3.590000000000e+02, gap 4.7745%
